FONTSET "fontset"

MAP
  NAME "Project Info"
  # Map image size
  SIZE 600 600
  UNITS kilometers

  EXTENT -87.850911 10.707543 -82.431468 15.025909
  PROJECTION
    'proj=longlat'
    'ellps=WGS84'
    'datum=WGS84'
    'no_defs'
  END

  # Background color for the map canvas -- change as desired
  IMAGECOLOR 255 255 255
  IMAGEQUALITY 95
  IMAGETYPE png
  OUTPUTFORMAT
    NAME png
    DRIVER 'GD/PNG'
    MIMETYPE 'image/png'
    #IMAGEMODE PC256
    EXTENSION 'png'
  END
  # Legend
  LEGEND
      IMAGECOLOR 255 255 255
    STATUS ON
    KEYSIZE 18 12
    LABEL
      TYPE BITMAP
      SIZE MEDIUM
      COLOR 0 0 89
    END
  END

  # Web interface definition. Only the template parameter
  # is required to display a map. See MapServer documentation
  WEB
    # Set IMAGEPATH to the path where MapServer should
    # write its output.
    IMAGEPATH '/tmp/'

    # Set IMAGEURL to the url that points to IMAGEPATH
    # as defined in your web server configuration
    IMAGEURL '/tmp/'

    # WMS server settings
    METADATA
      'wms_title'           'ODAmap Nicaragua'
      'wms_onlineresource'  'http://nic.odadata.eu/odamap/wxs?'
      'wms_srs'             'EPSG:4326'
	  'wfs_title'			'ODAmap Nicaragua'
	  'wfs_onlineresource'  'http://nic.odadata.eu/odamap/wxs?'
	  'wfs_srs'				'EPSG:4326'
    END

    # Scale range at which web interface will operate
    # Template and header/footer settings
    # Only the template parameter is required to display a map. See MapServer documentation
  END
	
	LAYER
	    NAME 'NIC2'
	    TYPE POLYGON
	    DATA 'NIC2.shp'
		TEMPLATE '/blubb'
	    METADATA
	      'wms_title' 'NIC2'
		  'wfs_title' 'NIC2'
		  'gml_featureid' 'NIC2'
		  "gml_include_items" "all"
		
	    END
	    STATUS DEFAULT
	    TRANSPARENCY 100
	    PROJECTION
	    'proj=longlat'
	    'ellps=WGS84'
	    'datum=WGS84'
	    'no_defs'
	    END
	    DUMP TRUE
	
		LABELITEM 'NAME_2'
		
		CLASS
	       NAME 'LAKE'
			
		   EXPRESSION ('[HASC_2]' eq 'lake')
	       STYLE
	         SYMBOL 0
	         SIZE 10
	         OUTLINECOLOR 0 0 0
	         COLOR 255 255 255
			 ANTIALIAS true
	       END
	    END
	
		CLASS
	       NAME 'NIC2_labels'
			
		   MAXSCALE 1000000

	     LABEL 
	      	TYPE truetype
		  	COLOR 0 0 0
		  	OUTLINECOLOR 255 255 255
		  	SIZE 9
		  	FONT arialbd
		  	MINDISTANCE 100
		  	PARTIALS FALSE
	     END 
		STYLE
	         SYMBOL 0
	         SIZE 10
	         OUTLINECOLOR 0 0 0
	         COLOR 104 126 171
			 ANTIALIAS true
	       END
	    END
	
		CLASS
	       NAME 'NIC2'
			
		   MAXSCALE 1500000
	       STYLE
	         SYMBOL 0
	         SIZE 10
	         OUTLINECOLOR 0 0 0
	         COLOR 104 126 171
			 ANTIALIAS true
	       END
	    END
	
		
	 END
	
  LAYER
    NAME 'NIC1'
    TYPE POLYGON
    DATA 'NIC1.shp'
	TEMPLATE '/blubb'
    METADATA
      'wms_title' 'NIC1'
    END
    STATUS DEFAULT
    TRANSPARENCY 100
    PROJECTION
    'proj=longlat'
    'ellps=WGS84'
    'datum=WGS84'
    'no_defs'
    END
    LABELITEM 'NAME_1'
		
    CLASS
       NAME 'LAKE'
		
	   EXPRESSION ('[HASC_1]' eq 'lake')
       STYLE
         SYMBOL 0
         SIZE 10
         OUTLINECOLOR 0 0 0
         COLOR 255 255 255
		 ANTIALIAS true
       END
    END

	CLASS
       NAME 'NIC1_high_scale' 

		MINSCALE 1500000
       STYLE
         SYMBOL 0
         SIZE 0
         OUTLINECOLOR 0 0 0
		COLOR 104 126 171
		WIDTH 2
       END
     LABEL 
      	TYPE truetype
	  	COLOR 0 0 0
	  	OUTLINECOLOR 255 255 255
	  	SIZE 10
	  	FONT arialbd
	  	MINDISTANCE 100
	  	PARTIALS FALSE
     END 
    END


	CLASS
       NAME 'NIC1' 
       STYLE
         SYMBOL 0
         SIZE 0
         OUTLINECOLOR 0 0 0
		WIDTH 2
       END
     LABEL 
      	TYPE truetype
	  	COLOR 0 0 0
	  	OUTLINECOLOR 255 255 255
	  	SIZE 11
	  	FONT arialbd
	  	MINDISTANCE 100
	  	PARTIALS FALSE
     END 
    END
  END

	LAYER
	    NAME 'NIC2_Lakes'
	    TYPE POLYGON
	    DATA 'NIC2.shp'
		TEMPLATE '/blubb'
	    METADATA
	      'wms_title' 'NIC2_lakes'
		  'wfs_title' 'NIC2_lakes'
		  'gml_featureid' 'NIC2_lakes'
		  "gml_include_items" "all"
	    END
	    STATUS DEFAULT
	    TRANSPARENCY 100
	    PROJECTION
	    'proj=longlat'
	    'ellps=WGS84'
	    'datum=WGS84'
	    'no_defs'
	    END
	    DUMP TRUE
	
		LABELITEM 'NAME_2'
		
		CLASS
	       NAME 'LAKE'
			
		   EXPRESSION ('[HASC_2]' eq 'lake')
	       STYLE
	         SYMBOL 0
	         SIZE 10
	         OUTLINECOLOR 0 0 0
	         COLOR 255 255 255
			 ANTIALIAS true
	       END
	    END
	 END
END